Enter a file: 
-------------------------
| 2   8 |     3 | 5     |
|   1   |   7   | 4     |
| 7 4 9 |     5 | 1     |
-------------------------
|     3 |   5   | 6   4 |
| 4     | 8   9 |     1 |
| 9   1 |   4   | 2     |
-------------------------
|     2 | 5     | 8 6 7 |
|     4 |   9   |   1   |
|     7 | 1     | 9   5 |
-------------------------
Enter a move: 
ERROR: value exists in row
-------------------------
| 2   8 |     3 | 5     |
|   1   |   7   | 4     |
| 7 4 9 |     5 | 1     |
-------------------------
|     3 |   5   | 6   4 |
| 4     | 8   9 |     1 |
| 9   1 |   4   | 2     |
-------------------------
|     2 | 5     | 8 6 7 |
|     4 |   9   |   1   |
|     7 | 1     | 9   5 |
-------------------------
Enter a move: 
ERROR: value exists in row
-------------------------
| 2   8 |     3 | 5     |
|   1   |   7   | 4     |
| 7 4 9 |     5 | 1     |
-------------------------
|     3 |   5   | 6   4 |
| 4     | 8   9 |     1 |
| 9   1 |   4   | 2     |
-------------------------
|     2 | 5     | 8 6 7 |
|     4 |   9   |   1   |
|     7 | 1     | 9   5 |
-------------------------
Enter a move: 
-------------------------
| 2 6 8 |     3 | 5     |
|   1   |   7   | 4     |
| 7 4 9 |     5 | 1     |
-------------------------
|     3 |   5   | 6   4 |
| 4     | 8   9 |     1 |
| 9   1 |   4   | 2     |
-------------------------
|     2 | 5     | 8 6 7 |
|     4 |   9   |   1   |
|     7 | 1     | 9   5 |
-------------------------
Enter a move: 
-------------------------
| 2 6 8 | 4   3 | 5     |
|   1   |   7   | 4     |
| 7 4 9 |     5 | 1     |
-------------------------
|     3 |   5   | 6   4 |
| 4     | 8   9 |     1 |
| 9   1 |   4   | 2     |
-------------------------
|     2 | 5     | 8 6 7 |
|     4 |   9   |   1   |
|     7 | 1     | 9   5 |
-------------------------
Enter a move: 
-------------------------
| 2 6 8 | 4 1 3 | 5     |
|   1   |   7   | 4     |
| 7 4 9 |     5 | 1     |
-------------------------
|     3 |   5   | 6   4 |
| 4     | 8   9 |     1 |
| 9   1 |   4   | 2     |
-------------------------
|     2 | 5     | 8 6 7 |
|     4 |   9   |   1   |
|     7 | 1     | 9   5 |
-------------------------
Enter a move: 
-------------------------
| 2 6 8 | 4 1 3 | 5 7   |
|   1   |   7   | 4     |
| 7 4 9 |     5 | 1     |
-------------------------
|     3 |   5   | 6   4 |
| 4     | 8   9 |     1 |
| 9   1 |   4   | 2     |
-------------------------
|     2 | 5     | 8 6 7 |
|     4 |   9   |   1   |
|     7 | 1     | 9   5 |
-------------------------
Enter a move: 
-------------------------
| 2 6 8 | 4 1 3 | 5 7 9 |
|   1   |   7   | 4     |
| 7 4 9 |     5 | 1     |
-------------------------
|     3 |   5   | 6   4 |
| 4     | 8   9 |     1 |
| 9   1 |   4   | 2     |
-------------------------
|     2 | 5     | 8 6 7 |
|     4 |   9   |   1   |
|     7 | 1     | 9   5 |
-------------------------
Enter a move: 
-------------------------
| 2 6 8 | 4 1 3 | 5 7 9 |
| 3 1   |   7   | 4     |
| 7 4 9 |     5 | 1     |
-------------------------
|     3 |   5   | 6   4 |
| 4     | 8   9 |     1 |
| 9   1 |   4   | 2     |
-------------------------
|     2 | 5     | 8 6 7 |
|     4 |   9   |   1   |
|     7 | 1     | 9   5 |
-------------------------
Enter a move: 
-------------------------
| 2 6 8 | 4 1 3 | 5 7 9 |
| 3 1 5 |   7   | 4     |
| 7 4 9 |     5 | 1     |
-------------------------
|     3 |   5   | 6   4 |
| 4     | 8   9 |     1 |
| 9   1 |   4   | 2     |
-------------------------
|     2 | 5     | 8 6 7 |
|     4 |   9   |   1   |
|     7 | 1     | 9   5 |
-------------------------
Enter a move: 
ERROR: value exists in column
-------------------------
| 2 6 8 | 4 1 3 | 5 7 9 |
| 3 1 5 |   7   | 4     |
| 7 4 9 |     5 | 1     |
-------------------------
|     3 |   5   | 6   4 |
| 4     | 8   9 |     1 |
| 9   1 |   4   | 2     |
-------------------------
|     2 | 5     | 8 6 7 |
|     4 |   9   |   1   |
|     7 | 1     | 9   5 |
-------------------------
Enter a move: 
-------------------------
| 2 6 8 | 4 1 3 | 5 7 9 |
| 3 1 5 | 9 7   | 4     |
| 7 4 9 |     5 | 1     |
-------------------------
|     3 |   5   | 6   4 |
| 4     | 8   9 |     1 |
| 9   1 |   4   | 2     |
-------------------------
|     2 | 5     | 8 6 7 |
|     4 |   9   |   1   |
|     7 | 1     | 9   5 |
-------------------------
Enter a move: 
-------------------------
| 2 6 8 | 4 1 3 | 5 7 9 |
| 3 1 5 | 9 7 8 | 4     |
| 7 4 9 |     5 | 1     |
-------------------------
|     3 |   5   | 6   4 |
| 4     | 8   9 |     1 |
| 9   1 |   4   | 2     |
-------------------------
|     2 | 5     | 8 6 7 |
|     4 |   9   |   1   |
|     7 | 1     | 9   5 |
-------------------------
Enter a move: 
-------------------------
| 2 6 8 | 4 1 3 | 5 7 9 |
| 3 1 5 | 9 7 8 | 4 2   |
| 7 4 9 |     5 | 1     |
-------------------------
|     3 |   5   | 6   4 |
| 4     | 8   9 |     1 |
| 9   1 |   4   | 2     |
-------------------------
|     2 | 5     | 8 6 7 |
|     4 |   9   |   1   |
|     7 | 1     | 9   5 |
-------------------------
Enter a move: 
-------------------------
| 2 6 8 | 4 1 3 | 5 7 9 |
| 3 1 5 | 9 7 8 | 4 2 6 |
| 7 4 9 |     5 | 1     |
-------------------------
|     3 |   5   | 6   4 |
| 4     | 8   9 |     1 |
| 9   1 |   4   | 2     |
-------------------------
|     2 | 5     | 8 6 7 |
|     4 |   9   |   1   |
|     7 | 1     | 9   5 |
-------------------------
Enter a move: 
-------------------------
| 2 6 8 | 4 1 3 | 5 7 9 |
| 3 1 5 | 9 7 8 | 4 2 6 |
| 7 4 9 | 2   5 | 1     |
-------------------------
|     3 |   5   | 6   4 |
| 4     | 8   9 |     1 |
| 9   1 |   4   | 2     |
-------------------------
|     2 | 5     | 8 6 7 |
|     4 |   9   |   1   |
|     7 | 1     | 9   5 |
-------------------------
Enter a move: 
-------------------------
| 2 6 8 | 4 1 3 | 5 7 9 |
| 3 1 5 | 9 7 8 | 4 2 6 |
| 7 4 9 | 2 6 5 | 1     |
-------------------------
|     3 |   5   | 6   4 |
| 4     | 8   9 |     1 |
| 9   1 |   4   | 2     |
-------------------------
|     2 | 5     | 8 6 7 |
|     4 |   9   |   1   |
|     7 | 1     | 9   5 |
-------------------------
Enter a move: 
-------------------------
| 2 6 8 | 4 1 3 | 5 7 9 |
| 3 1 5 | 9 7 8 | 4 2 6 |
| 7 4 9 | 2 6 5 | 1 8   |
-------------------------
|     3 |   5   | 6   4 |
| 4     | 8   9 |     1 |
| 9   1 |   4   | 2     |
-------------------------
|     2 | 5     | 8 6 7 |
|     4 |   9   |   1   |
|     7 | 1     | 9   5 |
-------------------------
Enter a move: 
-------------------------
| 2 6 8 | 4 1 3 | 5 7 9 |
| 3 1 5 | 9 7 8 | 4 2 6 |
| 7 4 9 | 2 6 5 | 1 8 3 |
-------------------------
|     3 |   5   | 6   4 |
| 4     | 8   9 |     1 |
| 9   1 |   4   | 2     |
-------------------------
|     2 | 5     | 8 6 7 |
|     4 |   9   |   1   |
|     7 | 1     | 9   5 |
-------------------------
Enter a move: 
ERROR: index not in range
-------------------------
| 2 6 8 | 4 1 3 | 5 7 9 |
| 3 1 5 | 9 7 8 | 4 2 6 |
| 7 4 9 | 2 6 5 | 1 8 3 |
-------------------------
|     3 |   5   | 6   4 |
| 4     | 8   9 |     1 |
| 9   1 |   4   | 2     |
-------------------------
|     2 | 5     | 8 6 7 |
|     4 |   9   |   1   |
|     7 | 1     | 9   5 |
-------------------------
Enter a move: 
ERROR: index not in range
-------------------------
| 2 6 8 | 4 1 3 | 5 7 9 |
| 3 1 5 | 9 7 8 | 4 2 6 |
| 7 4 9 | 2 6 5 | 1 8 3 |
-------------------------
|     3 |   5   | 6   4 |
| 4     | 8   9 |     1 |
| 9   1 |   4   | 2     |
-------------------------
|     2 | 5     | 8 6 7 |
|     4 |   9   |   1   |
|     7 | 1     | 9   5 |
-------------------------
Enter a move: 
ERROR: index not in range
-------------------------
| 2 6 8 | 4 1 3 | 5 7 9 |
| 3 1 5 | 9 7 8 | 4 2 6 |
| 7 4 9 | 2 6 5 | 1 8 3 |
-------------------------
|     3 |   5   | 6   4 |
| 4     | 8   9 |     1 |
| 9   1 |   4   | 2     |
-------------------------
|     2 | 5     | 8 6 7 |
|     4 |   9   |   1   |
|     7 | 1     | 9   5 |
-------------------------
Enter a move: 
ERROR: index not in range
-------------------------
| 2 6 8 | 4 1 3 | 5 7 9 |
| 3 1 5 | 9 7 8 | 4 2 6 |
| 7 4 9 | 2 6 5 | 1 8 3 |
-------------------------
|     3 |   5   | 6   4 |
| 4     | 8   9 |     1 |
| 9   1 |   4   | 2     |
-------------------------
|     2 | 5     | 8 6 7 |
|     4 |   9   |   1   |
|     7 | 1     | 9   5 |
-------------------------
Enter a move: 
-------------------------
| 2 6 8 | 4 1 3 | 5 7 9 |
| 3 1 5 | 9 7 8 | 4 2 6 |
| 7 4 9 | 2 6 5 | 1 8 3 |
-------------------------
| 8   3 |   5   | 6   4 |
| 4     | 8   9 |     1 |
| 9   1 |   4   | 2     |
-------------------------
|     2 | 5     | 8 6 7 |
|     4 |   9   |   1   |
|     7 | 1     | 9   5 |
-------------------------
Enter a move: 
-------------------------
| 2 6 8 | 4 1 3 | 5 7 9 |
| 3 1 5 | 9 7 8 | 4 2 6 |
| 7 4 9 | 2 6 5 | 1 8 3 |
-------------------------
| 8 2 3 |   5   | 6   4 |
| 4     | 8   9 |     1 |
| 9   1 |   4   | 2     |
-------------------------
|     2 | 5     | 8 6 7 |
|     4 |   9   |   1   |
|     7 | 1     | 9   5 |
-------------------------
Enter a move: 
-------------------------
| 2 6 8 | 4 1 3 | 5 7 9 |
| 3 1 5 | 9 7 8 | 4 2 6 |
| 7 4 9 | 2 6 5 | 1 8 3 |
-------------------------
| 8 2 3 | 7 5   | 6   4 |
| 4     | 8   9 |     1 |
| 9   1 |   4   | 2     |
-------------------------
|     2 | 5     | 8 6 7 |
|     4 |   9   |   1   |
|     7 | 1     | 9   5 |
-------------------------
Enter a move: 
-------------------------
| 2 6 8 | 4 1 3 | 5 7 9 |
| 3 1 5 | 9 7 8 | 4 2 6 |
| 7 4 9 | 2 6 5 | 1 8 3 |
-------------------------
| 8 2 3 | 7 5 1 | 6   4 |
| 4     | 8   9 |     1 |
| 9   1 |   4   | 2     |
-------------------------
|     2 | 5     | 8 6 7 |
|     4 |   9   |   1   |
|     7 | 1     | 9   5 |
-------------------------
Enter a move: 
ERROR: cannot undo existing board.
-------------------------
| 2 6 8 | 4 1 3 | 5 7 9 |
| 3 1 5 | 9 7 8 | 4 2 6 |
| 7 4 9 | 2 6 5 | 1 8 3 |
-------------------------
| 8 2 3 | 7 5 1 | 6   4 |
| 4     | 8   9 |     1 |
| 9   1 |   4   | 2     |
-------------------------
|     2 | 5     | 8 6 7 |
|     4 |   9   |   1   |
|     7 | 1     | 9   5 |
-------------------------
Enter a move: 
-------------------------
| 2 6 8 | 4 1 3 | 5 7 9 |
| 3 1 5 | 9 7 8 | 4 2 6 |
| 7 4 9 | 2 6 5 | 1 8 3 |
-------------------------
| 8 2 3 | 7 5 1 | 6 9 4 |
| 4     | 8   9 |     1 |
| 9   1 |   4   | 2     |
-------------------------
|     2 | 5     | 8 6 7 |
|     4 |   9   |   1   |
|     7 | 1     | 9   5 |
-------------------------
Enter a move: 
-------------------------
| 2 6 8 | 4 1 3 | 5 7 9 |
| 3 1 5 | 9 7 8 | 4 2 6 |
| 7 4 9 | 2 6 5 | 1 8 3 |
-------------------------
| 8 2 3 | 7 5 1 | 6 9 4 |
| 4 5   | 8   9 |     1 |
| 9   1 |   4   | 2     |
-------------------------
|     2 | 5     | 8 6 7 |
|     4 |   9   |   1   |
|     7 | 1     | 9   5 |
-------------------------
Enter a move: 
-------------------------
| 2 6 8 | 4 1 3 | 5 7 9 |
| 3 1 5 | 9 7 8 | 4 2 6 |
| 7 4 9 | 2 6 5 | 1 8 3 |
-------------------------
| 8 2 3 | 7 5 1 | 6 9 4 |
| 4 5 6 | 8   9 |     1 |
| 9   1 |   4   | 2     |
-------------------------
|     2 | 5     | 8 6 7 |
|     4 |   9   |   1   |
|     7 | 1     | 9   5 |
-------------------------
Enter a move: 
-------------------------
| 2 6 8 | 4 1 3 | 5 7 9 |
| 3 1 5 | 9 7 8 | 4 2 6 |
| 7 4 9 | 2 6 5 | 1 8 3 |
-------------------------
| 8 2 3 | 7 5 1 | 6 9 4 |
| 4 5 6 | 8 2 9 |     1 |
| 9   1 |   4   | 2     |
-------------------------
|     2 | 5     | 8 6 7 |
|     4 |   9   |   1   |
|     7 | 1     | 9   5 |
-------------------------
Enter a move: 
-------------------------
| 2 6 8 | 4 1 3 | 5 7 9 |
| 3 1 5 | 9 7 8 | 4 2 6 |
| 7 4 9 | 2 6 5 | 1 8 3 |
-------------------------
| 8 2 3 | 7 5 1 | 6 9 4 |
| 4 5 6 | 8 2 9 | 7   1 |
| 9   1 |   4   | 2     |
-------------------------
|     2 | 5     | 8 6 7 |
|     4 |   9   |   1   |
|     7 | 1     | 9   5 |
-------------------------
Enter a move: 
-------------------------
| 2 6 8 | 4 1 3 | 5 7 9 |
| 3 1 5 | 9 7 8 | 4 2 6 |
| 7 4 9 | 2 6 5 | 1 8 3 |
-------------------------
| 8 2 3 | 7 5 1 | 6 9 4 |
| 4 5 6 | 8 2 9 | 7 3 1 |
| 9   1 |   4   | 2     |
-------------------------
|     2 | 5     | 8 6 7 |
|     4 |   9   |   1   |
|     7 | 1     | 9   5 |
-------------------------
Enter a move: 
-------------------------
| 2 6 8 | 4 1 3 | 5 7 9 |
| 3 1 5 | 9 7 8 | 4 2 6 |
| 7 4 9 | 2 6 5 | 1 8 3 |
-------------------------
| 8 2 3 | 7 5 1 | 6 9 4 |
| 4 5 6 | 8 2 9 | 7 3 1 |
| 9 7 1 |   4   | 2     |
-------------------------
|     2 | 5     | 8 6 7 |
|     4 |   9   |   1   |
|     7 | 1     | 9   5 |
-------------------------
Enter a move: 
-------------------------
| 2 6 8 | 4 1 3 | 5 7 9 |
| 3 1 5 | 9 7 8 | 4 2 6 |
| 7 4 9 | 2 6 5 | 1 8 3 |
-------------------------
| 8 2 3 | 7 5 1 | 6 9 4 |
| 4 5 6 | 8 2 9 | 7 3 1 |
| 9 7 1 | 3 4   | 2     |
-------------------------
|     2 | 5     | 8 6 7 |
|     4 |   9   |   1   |
|     7 | 1     | 9   5 |
-------------------------
Enter a move: 
-------------------------
| 2 6 8 | 4 1 3 | 5 7 9 |
| 3 1 5 | 9 7 8 | 4 2 6 |
| 7 4 9 | 2 6 5 | 1 8 3 |
-------------------------
| 8 2 3 | 7 5 1 | 6 9 4 |
| 4 5 6 | 8 2 9 | 7 3 1 |
| 9 7 1 | 3 4 6 | 2     |
-------------------------
|     2 | 5     | 8 6 7 |
|     4 |   9   |   1   |
|     7 | 1     | 9   5 |
-------------------------
Enter a move: 
-------------------------
| 2 6 8 | 4 1 3 | 5 7 9 |
| 3 1 5 | 9 7 8 | 4 2 6 |
| 7 4 9 | 2 6 5 | 1 8 3 |
-------------------------
| 8 2 3 | 7 5 1 | 6 9 4 |
| 4 5 6 | 8 2 9 | 7 3 1 |
| 9 7 1 | 3 4 6 | 2 5   |
-------------------------
|     2 | 5     | 8 6 7 |
|     4 |   9   |   1   |
|     7 | 1     | 9   5 |
-------------------------
Enter a move: 
-------------------------
| 2 6 8 | 4 1 3 | 5 7 9 |
| 3 1 5 | 9 7 8 | 4 2 6 |
| 7 4 9 | 2 6 5 | 1 8 3 |
-------------------------
| 8 2 3 | 7 5 1 | 6 9 4 |
| 4 5 6 | 8 2 9 | 7 3 1 |
| 9 7 1 | 3 4 6 | 2 5 8 |
-------------------------
|     2 | 5     | 8 6 7 |
|     4 |   9   |   1   |
|     7 | 1     | 9   5 |
-------------------------
Enter a move: 
-------------------------
| 2 6 8 | 4 1 3 | 5 7 9 |
| 3 1 5 | 9 7 8 | 4 2 6 |
| 7 4 9 | 2 6 5 | 1 8 3 |
-------------------------
| 8 2 3 | 7 5 1 | 6 9 4 |
| 4 5 6 | 8 2 9 | 7 3 1 |
| 9 7 1 | 3 4 6 | 2 5 8 |
-------------------------
| 1   2 | 5     | 8 6 7 |
|     4 |   9   |   1   |
|     7 | 1     | 9   5 |
-------------------------
Enter a move: 
-------------------------
| 2 6 8 | 4 1 3 | 5 7 9 |
| 3 1 5 | 9 7 8 | 4 2 6 |
| 7 4 9 | 2 6 5 | 1 8 3 |
-------------------------
| 8 2 3 | 7 5 1 | 6 9 4 |
| 4 5 6 | 8 2 9 | 7 3 1 |
| 9 7 1 | 3 4 6 | 2 5 8 |
-------------------------
| 1 9 2 | 5     | 8 6 7 |
|     4 |   9   |   1   |
|     7 | 1     | 9   5 |
-------------------------
Enter a move: 
-------------------------
| 2 6 8 | 4 1 3 | 5 7 9 |
| 3 1 5 | 9 7 8 | 4 2 6 |
| 7 4 9 | 2 6 5 | 1 8 3 |
-------------------------
| 8 2 3 | 7 5 1 | 6 9 4 |
| 4 5 6 | 8 2 9 | 7 3 1 |
| 9 7 1 | 3 4 6 | 2 5 8 |
-------------------------
| 1 9 2 | 5 3   | 8 6 7 |
|     4 |   9   |   1   |
|     7 | 1     | 9   5 |
-------------------------
Enter a move: 
-------------------------
| 2 6 8 | 4 1 3 | 5 7 9 |
| 3 1 5 | 9 7 8 | 4 2 6 |
| 7 4 9 | 2 6 5 | 1 8 3 |
-------------------------
| 8 2 3 | 7 5 1 | 6 9 4 |
| 4 5 6 | 8 2 9 | 7 3 1 |
| 9 7 1 | 3 4 6 | 2 5 8 |
-------------------------
| 1 9 2 | 5 3 4 | 8 6 7 |
|     4 |   9   |   1   |
|     7 | 1     | 9   5 |
-------------------------
Enter a move: 
-------------------------
| 2 6 8 | 4 1 3 | 5 7 9 |
| 3 1 5 | 9 7 8 | 4 2 6 |
| 7 4 9 | 2 6 5 | 1 8 3 |
-------------------------
| 8 2 3 | 7 5 1 | 6 9 4 |
| 4 5 6 | 8 2 9 | 7 3 1 |
| 9 7 1 | 3 4 6 | 2 5 8 |
-------------------------
| 1 9 2 | 5 3 4 | 8 6 7 |
| 5   4 |   9   |   1   |
|     7 | 1     | 9   5 |
-------------------------
Enter a move: 
-------------------------
| 2 6 8 | 4 1 3 | 5 7 9 |
| 3 1 5 | 9 7 8 | 4 2 6 |
| 7 4 9 | 2 6 5 | 1 8 3 |
-------------------------
| 8 2 3 | 7 5 1 | 6 9 4 |
| 4 5 6 | 8 2 9 | 7 3 1 |
| 9 7 1 | 3 4 6 | 2 5 8 |
-------------------------
| 1 9 2 | 5 3 4 | 8 6 7 |
| 5 8 4 |   9   |   1   |
|     7 | 1     | 9   5 |
-------------------------
Enter a move: 
-------------------------
| 2 6 8 | 4 1 3 | 5 7 9 |
| 3 1 5 | 9 7 8 | 4 2 6 |
| 7 4 9 | 2 6 5 | 1 8 3 |
-------------------------
| 8 2 3 | 7 5 1 | 6 9 4 |
| 4 5 6 | 8 2 9 | 7 3 1 |
| 9 7 1 | 3 4 6 | 2 5 8 |
-------------------------
| 1 9 2 | 5 3 4 | 8 6 7 |
| 5 8 4 | 6 9   |   1   |
|     7 | 1     | 9   5 |
-------------------------
Enter a move: 
-------------------------
| 2 6 8 | 4 1 3 | 5 7 9 |
| 3 1 5 | 9 7 8 | 4 2 6 |
| 7 4 9 | 2 6 5 | 1 8 3 |
-------------------------
| 8 2 3 | 7 5 1 | 6 9 4 |
| 4 5 6 | 8 2 9 | 7 3 1 |
| 9 7 1 | 3 4 6 | 2 5 8 |
-------------------------
| 1 9 2 | 5 3 4 | 8 6 7 |
| 5 8 4 | 6 9 7 |   1   |
|     7 | 1     | 9   5 |
-------------------------
Enter a move: 
-------------------------
| 2 6 8 | 4 1 3 | 5 7 9 |
| 3 1 5 | 9 7 8 | 4 2 6 |
| 7 4 9 | 2 6 5 | 1 8 3 |
-------------------------
| 8 2 3 | 7 5 1 | 6 9 4 |
| 4 5 6 | 8 2 9 | 7 3 1 |
| 9 7 1 | 3 4 6 | 2 5 8 |
-------------------------
| 1 9 2 | 5 3 4 | 8 6 7 |
| 5 8 4 | 6 9 7 | 3 1   |
|     7 | 1     | 9   5 |
-------------------------
Enter a move: 
-------------------------
| 2 6 8 | 4 1 3 | 5 7 9 |
| 3 1 5 | 9 7 8 | 4 2 6 |
| 7 4 9 | 2 6 5 | 1 8 3 |
-------------------------
| 8 2 3 | 7 5 1 | 6 9 4 |
| 4 5 6 | 8 2 9 | 7 3 1 |
| 9 7 1 | 3 4 6 | 2 5 8 |
-------------------------
| 1 9 2 | 5 3 4 | 8 6 7 |
| 5 8 4 | 6 9 7 | 3 1 2 |
|     7 | 1     | 9   5 |
-------------------------
Enter a move: 
-------------------------
| 2 6 8 | 4 1 3 | 5 7 9 |
| 3 1 5 | 9 7 8 | 4 2 6 |
| 7 4 9 | 2 6 5 | 1 8 3 |
-------------------------
| 8 2 3 | 7 5 1 | 6 9 4 |
| 4 5 6 | 8 2 9 | 7 3 1 |
| 9 7 1 | 3 4 6 | 2 5 8 |
-------------------------
| 1 9 2 | 5 3 4 | 8 6 7 |
| 5 8 4 | 6 9 7 | 3 1 2 |
| 6   7 | 1     | 9   5 |
-------------------------
Enter a move: 
-------------------------
| 2 6 8 | 4 1 3 | 5 7 9 |
| 3 1 5 | 9 7 8 | 4 2 6 |
| 7 4 9 | 2 6 5 | 1 8 3 |
-------------------------
| 8 2 3 | 7 5 1 | 6 9 4 |
| 4 5 6 | 8 2 9 | 7 3 1 |
| 9 7 1 | 3 4 6 | 2 5 8 |
-------------------------
| 1 9 2 | 5 3 4 | 8 6 7 |
| 5 8 4 | 6 9 7 | 3 1 2 |
| 6 3 7 | 1     | 9   5 |
-------------------------
Enter a move: 
-------------------------
| 2 6 8 | 4 1 3 | 5 7 9 |
| 3 1 5 | 9 7 8 | 4 2 6 |
| 7 4 9 | 2 6 5 | 1 8 3 |
-------------------------
| 8 2 3 | 7 5 1 | 6 9 4 |
| 4 5 6 | 8 2 9 | 7 3 1 |
| 9 7 1 | 3 4 6 | 2 5 8 |
-------------------------
| 1 9 2 | 5 3 4 | 8 6 7 |
| 5 8 4 | 6 9 7 | 3 1 2 |
| 6 3 7 | 1 8   | 9   5 |
-------------------------
Enter a move: 
-------------------------
| 2 6 8 | 4 1 3 | 5 7 9 |
| 3 1 5 | 9 7 8 | 4 2 6 |
| 7 4 9 | 2 6 5 | 1 8 3 |
-------------------------
| 8 2 3 | 7 5 1 | 6 9 4 |
| 4 5 6 | 8 2 9 | 7 3 1 |
| 9 7 1 | 3 4 6 | 2 5 8 |
-------------------------
| 1 9 2 | 5 3 4 | 8 6 7 |
| 5 8 4 | 6 9 7 | 3 1 2 |
| 6 3 7 | 1 8 2 | 9   5 |
-------------------------
Enter a move: 
-------------------------
| 2 6 8 | 4 1 3 | 5 7 9 |
| 3 1 5 | 9 7 8 | 4 2 6 |
| 7 4 9 | 2 6 5 | 1 8 3 |
-------------------------
| 8 2 3 | 7 5 1 | 6 9 4 |
| 4 5 6 | 8 2 9 | 7 3 1 |
| 9 7 1 | 3 4 6 | 2 5 8 |
-------------------------
| 1 9 2 | 5 3 4 | 8 6 7 |
| 5 8 4 | 6 9 7 | 3 1 2 |
| 6 3 7 | 1 8 2 | 9 4 5 |
-------------------------
moves: 53
SOLVED
