Enter a file: 
-------------------------
| 2   8 |     3 | 5     |
|   1   |   7   | 4     |
| 7 4 9 |     5 | 1     |
-------------------------
|     3 |   5   | 6   4 |
| 4     | 8   9 |     1 |
| 9   1 |   4   | 2     |
-------------------------
|     2 | 5     | 8 6 7 |
|     4 |   9   |   1   |
|     7 | 1     | 9   5 |
-------------------------
Enter a move: 
-------------------------
| 2 6 8 |     3 | 5     |
|   1   |   7   | 4     |
| 7 4 9 |     5 | 1     |
-------------------------
|     3 |   5   | 6   4 |
| 4     | 8   9 |     1 |
| 9   1 |   4   | 2     |
-------------------------
|     2 | 5     | 8 6 7 |
|     4 |   9   |   1   |
|     7 | 1     | 9   5 |
-------------------------
Enter a move: 
-------------------------
| 2 6 8 | 4   3 | 5     |
|   1   |   7   | 4     |
| 7 4 9 |     5 | 1     |
-------------------------
|     3 |   5   | 6   4 |
| 4     | 8   9 |     1 |
| 9   1 |   4   | 2     |
-------------------------
|     2 | 5     | 8 6 7 |
|     4 |   9   |   1   |
|     7 | 1     | 9   5 |
-------------------------
Enter a move: 
-------------------------
| 2 6 8 | 4 1 3 | 5     |
|   1   |   7   | 4     |
| 7 4 9 |     5 | 1     |
-------------------------
|     3 |   5   | 6   4 |
| 4     | 8   9 |     1 |
| 9   1 |   4   | 2     |
-------------------------
|     2 | 5     | 8 6 7 |
|     4 |   9   |   1   |
|     7 | 1     | 9   5 |
-------------------------
Enter a move: 
-------------------------
| 2 6 8 | 4 1 3 | 5 7   |
|   1   |   7   | 4     |
| 7 4 9 |     5 | 1     |
-------------------------
|     3 |   5   | 6   4 |
| 4     | 8   9 |     1 |
| 9   1 |   4   | 2     |
-------------------------
|     2 | 5     | 8 6 7 |
|     4 |   9   |   1   |
|     7 | 1     | 9   5 |
-------------------------
Enter a move: 
-------------------------
| 2 6 8 | 4 1 3 | 5 7 9 |
|   1   |   7   | 4     |
| 7 4 9 |     5 | 1     |
-------------------------
|     3 |   5   | 6   4 |
| 4     | 8   9 |     1 |
| 9   1 |   4   | 2     |
-------------------------
|     2 | 5     | 8 6 7 |
|     4 |   9   |   1   |
|     7 | 1     | 9   5 |
-------------------------
Enter a move: 
